<DocumentFragment>
  <main
    class="flex flex-col items-center px-4"
  >
    <section
      class="mb-24 max-w-[50rem] text-center sm:mb-0 scroll-mt-[100rem]"
      id="home"
    >
      <div
        class="flex items-center justify-center"
      >
        <div
          class="relative"
        >
          <div
            style="opacity: 0; will-change: opacity,transform; transform: scale(0);"
          >
            <img
              alt="Sean Coughlin portrait"
              class="h-64 w-64 rounded-full object-cover border-[0.35rem] border-white shadow-xl"
              data-nimg="1"
              decoding="async"
              fetchpriority="high"
              height="245"
              src="/_next/image?url=%2Fprofile.jpeg&w=640&q=95"
              srcset="/_next/image?url=%2Fprofile.jpeg&w=256&q=95 1x, /_next/image?url=%2Fprofile.jpeg&w=640&q=95 2x"
              style="color: transparent;"
              width="245"
            />
          </div>
          <span
            class="absolute bottom-0 right-0 text-4xl"
            style="opacity: 0; will-change: opacity,transform; transform: scale(0);"
          >
            ðŸ‘‹
          </span>
        </div>
      </div>
      <h1
        class="mb-10 mt-4 px-4 text-2xl font-medium !leading-[1.5] sm:text-4xl"
        style="opacity: 0; will-change: opacity,transform; transform: translateY(100px);"
      >
        Hello, I'm 
        <span
          class="font-bold"
        >
          Sean.
        </span>
         I'm a 
        <span
          class="font-bold"
        >
          full-stack developer
        </span>
         with 
        <span
          class="font-bold"
        >
          3 years
        </span>
         of experience. I enjoy building 
        <span
          class="italic"
        >
          sites & apps
        </span>
        . My focus is web development.
      </h1>
      <div
        class="flex flex-row flex-wrap items-center justify-center gap-2 px-4 text-lg font-medium"
        style="opacity: 0; will-change: opacity,transform; transform: translateY(100px);"
      >
        <a
          class="group bg-white px-7 py-3 flex items-center gap-2 rounded-full outline-none focus:scale-110 hover:scale-110 active:scale-105 transition cursor-pointer borderBlack dark:bg-white/10"
          href="https://www.linkedin.com/in/sean-m-coughlin/"
          target="_blank"
        >
          LinkedIn
          <svg
            fill="currentColor"
            height="1em"
            stroke="currentColor"
            stroke-width="0"
            viewBox="0 0 16 16"
            width="1em"
            xmlns="http://www.w3.org/2000/svg"
          >
            <path
              d="M0 1.146C0 .513.526 0 1.175 0h13.65C15.474 0 16 .513 16 1.146v13.708c0 .633-.526 1.146-1.175 1.146H1.175C.526 16 0 15.487 0 14.854zm4.943 12.248V6.169H2.542v7.225zm-1.2-8.212c.837 0 1.358-.554 1.358-1.248-.015-.709-.52-1.248-1.342-1.248S2.4 3.226 2.4 3.934c0 .694.521 1.248 1.327 1.248zm4.908 8.212V9.359c0-.216.016-.432.08-.586.173-.431.568-.878 1.232-.878.869 0 1.216.662 1.216 1.634v3.865h2.401V9.25c0-2.22-1.184-3.252-2.764-3.252-1.274 0-1.845.7-2.165 1.193v.025h-.016l.016-.025V6.169h-2.4c.03.678 0 7.225 0 7.225z"
            />
          </svg>
        </a>
        <a
          class="group bg-white px-7 py-3 flex items-center gap-2 rounded-full outline-none focus:scale-110 hover:scale-110 active:scale-105 transition cursor-pointer borderBlack dark:bg-white/10"
          href="https://github.com/scc33"
          target="_blank"
        >
          GitHub
          <svg
            fill="currentColor"
            height="1em"
            stroke="currentColor"
            stroke-width="0"
            viewBox="0 0 448 512"
            width="1em"
            xmlns="http://www.w3.org/2000/svg"
          >
            <path
              d="M400 32H48C21.5 32 0 53.5 0 80v352c0 26.5 21.5 48 48 48h352c26.5 0 48-21.5 48-48V80c0-26.5-21.5-48-48-48zM277.3 415.7c-8.4 1.5-11.5-3.7-11.5-8 0-5.4.2-33 .2-55.3 0-15.6-5.2-25.5-11.3-30.7 37-4.1 76-9.2 76-73.1 0-18.2-6.5-27.3-17.1-39 1.7-4.3 7.4-22-1.7-45-13.9-4.3-45.7 17.9-45.7 17.9-13.2-3.7-27.5-5.6-41.6-5.6-14.1 0-28.4 1.9-41.6 5.6 0 0-31.8-22.2-45.7-17.9-9.1 22.9-3.5 40.6-1.7 45-10.6 11.7-15.6 20.8-15.6 39 0 63.6 37.3 69 74.3 73.1-4.8 4.3-9.1 11.7-10.6 22.3-9.5 4.3-33.8 11.7-48.3-13.9-9.1-15.8-25.5-17.1-25.5-17.1-16.2-.2-1.1 10.2-1.1 10.2 10.8 5 18.4 24.2 18.4 24.2 9.7 29.7 56.1 19.7 56.1 19.7 0 13.9.2 36.5.2 40.6 0 4.3-3 9.5-11.5 8-66-22.1-112.2-84.9-112.2-158.3 0-91.8 70.2-161.5 162-161.5S388 165.6 388 257.4c.1 73.4-44.7 136.3-110.7 158.3zm-98.1-61.1c-1.9.4-3.7-.4-3.9-1.7-.2-1.5 1.1-2.8 3-3.2 1.9-.2 3.7.6 3.9 1.9.3 1.3-1 2.6-3 3zm-9.5-.9c0 1.3-1.5 2.4-3.5 2.4-2.2.2-3.7-.9-3.7-2.4 0-1.3 1.5-2.4 3.5-2.4 1.9-.2 3.7.9 3.7 2.4zm-13.7-1.1c-.4 1.3-2.4 1.9-4.1 1.3-1.9-.4-3.2-1.9-2.8-3.2.4-1.3 2.4-1.9 4.1-1.5 2 .6 3.3 2.1 2.8 3.4zm-12.3-5.4c-.9 1.1-2.8.9-4.3-.6-1.5-1.3-1.9-3.2-.9-4.1.9-1.1 2.8-.9 4.3.6 1.3 1.3 1.8 3.3.9 4.1zm-9.1-9.1c-.9.6-2.6 0-3.7-1.5s-1.1-3.2 0-3.9c1.1-.9 2.8-.2 3.7 1.3 1.1 1.5 1.1 3.3 0 4.1zm-6.5-9.7c-.9.9-2.4.4-3.5-.6-1.1-1.3-1.3-2.8-.4-3.5.9-.9 2.4-.4 3.5.6 1.1 1.3 1.3 2.8.4 3.5zm-6.7-7.4c-.4.9-1.7 1.1-2.8.4-1.3-.6-1.9-1.7-1.5-2.6.4-.6 1.5-.9 2.8-.4 1.3.7 1.9 1.8 1.5 2.6z"
            />
          </svg>
        </a>
        <a
          class="group bg-white px-7 py-3 flex items-center gap-2 rounded-full outline-none focus:scale-110 hover:scale-110 active:scale-105 transition cursor-pointer borderBlack dark:bg-white/10"
          href="https://blog.seancoughlin.me"
          target="_blank"
        >
          Blog
          <svg
            class="opacity-60"
            fill="none"
            height="1em"
            stroke="currentColor"
            stroke-width="0"
            viewBox="0 0 24 24"
            width="1em"
            xmlns="http://www.w3.org/2000/svg"
          >
            <path
              clip-rule="evenodd"
              d="M14 7C13.4477 7 13 7.44772 13 8V16C13 16.5523 13.4477 17 14 17H18C18.5523 17 19 16.5523 19 16V8C19 7.44772 18.5523 7 18 7H14ZM17 9H15V15H17V9Z"
              fill="currentColor"
              fill-rule="evenodd"
            />
            <path
              d="M6 7C5.44772 7 5 7.44772 5 8C5 8.55228 5.44772 9 6 9H10C10.5523 9 11 8.55228 11 8C11 7.44772 10.5523 7 10 7H6Z"
              fill="currentColor"
            />
            <path
              d="M6 11C5.44772 11 5 11.4477 5 12C5 12.5523 5.44772 13 6 13H10C10.5523 13 11 12.5523 11 12C11 11.4477 10.5523 11 10 11H6Z"
              fill="currentColor"
            />
            <path
              d="M5 16C5 15.4477 5.44772 15 6 15H10C10.5523 15 11 15.4477 11 16C11 16.5523 10.5523 17 10 17H6C5.44772 17 5 16.5523 5 16Z"
              fill="currentColor"
            />
            <path
              clip-rule="evenodd"
              d="M4 3C2.34315 3 1 4.34315 1 6V18C1 19.6569 2.34315 21 4 21H20C21.6569 21 23 19.6569 23 18V6C23 4.34315 21.6569 3 20 3H4ZM20 5H4C3.44772 5 3 5.44772 3 6V18C3 18.5523 3.44772 19 4 19H20C20.5523 19 21 18.5523 21 18V6C21 5.44772 20.5523 5 20 5Z"
              fill="currentColor"
              fill-rule="evenodd"
            />
          </svg>
        </a>
        <a
          class="group bg-white px-7 py-3 flex items-center gap-2 rounded-full outline-none focus:scale-110 hover:scale-110 active:scale-105 transition cursor-pointer borderBlack dark:bg-white/10"
          href="https://portfolio.seancoughlin.me"
          target="_blank"
        >
          Portfolio
          <svg
            class="opacity-60"
            fill="none"
            height="1em"
            stroke="currentColor"
            stroke-linecap="round"
            stroke-linejoin="round"
            stroke-width="2"
            viewBox="0 0 24 24"
            width="1em"
            xmlns="http://www.w3.org/2000/svg"
          >
            <path
              d="M4 20h16a2 2 0 0 0 2-2V8a2 2 0 0 0-2-2h-7.93a2 2 0 0 1-1.66-.9l-.82-1.2A2 2 0 0 0 7.93 3H4a2 2 0 0 0-2 2v13c0 1.1.9 2 2 2Z"
            />
          </svg>
        </a>
        <a
          class="group bg-white px-7 py-3 flex items-center gap-2 rounded-full outline-none focus:scale-110 hover:scale-110 active:scale-105 transition cursor-pointer borderBlack dark:bg-white/10"
          download=""
          href="/Resume.pdf"
        >
          Download Resume
          <svg
            aria-hidden="true"
            class="opacity-60 group-hover:translate-y-1 transition"
            fill="currentColor"
            height="1em"
            stroke="currentColor"
            stroke-width="0"
            viewBox="0 0 20 20"
            width="1em"
            xmlns="http://www.w3.org/2000/svg"
          >
            <path
              clip-rule="evenodd"
              d="M3 17a1 1 0 011-1h12a1 1 0 110 2H4a1 1 0 01-1-1zm3.293-7.707a1 1 0 011.414 0L9 10.586V3a1 1 0 112 0v7.586l1.293-1.293a1 1 0 111.414 1.414l-3 3a1 1 0 01-1.414 0l-3-3a1 1 0 010-1.414z"
              fill-rule="evenodd"
            />
          </svg>
        </a>
      </div>
    </section>
    <div
      class="bg-gray-200 my-24 h-16 w-1 rounded-full hidden sm:block dark:bg-opacity-20"
      style="opacity: 0; will-change: opacity,transform; transform: translateY(100px);"
    />
    <section
      class="mb-24 max-w-[45rem] text-center leading-8 sm:mb-40 scroll-mt-28"
      id="about"
      style="opacity: 0; will-change: opacity,transform; transform: translateY(100px);"
    >
      <h2
        class="text-3xl font-medium capitalize mb-8 text-center"
      >
        About me
      </h2>
      <p
        class="mb-3"
      >
        I have my undergraduate and graduate degrees in 
        <span
          class="font-medium"
        >
          computer science
        </span>
        . I am currently a 
        <span
          class="font-medium"
        >
          full-stack web developer
        </span>
         with Discover. 
        <span
          class="italic"
        >
          My favorite part of programming
        </span>
         is seeing creations come to life. I 
        <span
          class="underline"
        >
          love
        </span>
         the feeling of finally shipping code.
      </p>
      <p
        class="mb-3"
      >
        My core stack is 
        <span
          class="font-medium"
        >
          React, Next.js, Java, and Spring Boot
        </span>
        . I am also familiar with TypeScript and cloud development. I am always looking to learn new technologies. Currently, I am studying for 
        <span
          class="font-medium"
        >
          cloud certifications
        </span>
        .
      </p>
      <p>
        When I'm not coding, I enjoy 
        <span
          class="font-medium"
        >
          working out, hiking, exploring National Parks, and reading
        </span>
        .
      </p>
    </section>
    <section
      class="mb-24 max-w-[53rem] scroll-mt-28 text-center sm:mb-40"
      id="skills"
    >
      <h2
        class="text-3xl font-medium capitalize mb-8 text-center"
      >
        My skills
      </h2>
      <ul
        class="flex flex-wrap justify-center gap-2 text-lg text-gray-800"
      >
        <li
          class="bg-white borderBlack rounded-xl px-5 py-3 dark:bg-white/10 dark:text-white/80"
          style="opacity: 0; transform: translateY(100px);"
        >
          HTML
        </li>
        <li
          class="bg-white borderBlack rounded-xl px-5 py-3 dark:bg-white/10 dark:text-white/80"
          style="opacity: 0; transform: translateY(100px);"
        >
          CSS
        </li>
        <li
          class="bg-white borderBlack rounded-xl px-5 py-3 dark:bg-white/10 dark:text-white/80"
          style="opacity: 0; transform: translateY(100px);"
        >
          JavaScript
        </li>
        <li
          class="bg-white borderBlack rounded-xl px-5 py-3 dark:bg-white/10 dark:text-white/80"
          style="opacity: 0; transform: translateY(100px);"
        >
          TypeScript
        </li>
        <li
          class="bg-white borderBlack rounded-xl px-5 py-3 dark:bg-white/10 dark:text-white/80"
          style="opacity: 0; transform: translateY(100px);"
        >
          React
        </li>
        <li
          class="bg-white borderBlack rounded-xl px-5 py-3 dark:bg-white/10 dark:text-white/80"
          style="opacity: 0; transform: translateY(100px);"
        >
          Redux
        </li>
        <li
          class="bg-white borderBlack rounded-xl px-5 py-3 dark:bg-white/10 dark:text-white/80"
          style="opacity: 0; transform: translateY(100px);"
        >
          Next.js
        </li>
        <li
          class="bg-white borderBlack rounded-xl px-5 py-3 dark:bg-white/10 dark:text-white/80"
          style="opacity: 0; transform: translateY(100px);"
        >
          Node.js
        </li>
        <li
          class="bg-white borderBlack rounded-xl px-5 py-3 dark:bg-white/10 dark:text-white/80"
          style="opacity: 0; transform: translateY(100px);"
        >
          Java
        </li>
        <li
          class="bg-white borderBlack rounded-xl px-5 py-3 dark:bg-white/10 dark:text-white/80"
          style="opacity: 0; transform: translateY(100px);"
        >
          Spring Boot
        </li>
        <li
          class="bg-white borderBlack rounded-xl px-5 py-3 dark:bg-white/10 dark:text-white/80"
          style="opacity: 0; transform: translateY(100px);"
        >
          Git
        </li>
        <li
          class="bg-white borderBlack rounded-xl px-5 py-3 dark:bg-white/10 dark:text-white/80"
          style="opacity: 0; transform: translateY(100px);"
        >
          Tailwind
        </li>
        <li
          class="bg-white borderBlack rounded-xl px-5 py-3 dark:bg-white/10 dark:text-white/80"
          style="opacity: 0; transform: translateY(100px);"
        >
          MongoDB
        </li>
        <li
          class="bg-white borderBlack rounded-xl px-5 py-3 dark:bg-white/10 dark:text-white/80"
          style="opacity: 0; transform: translateY(100px);"
        >
          REST APIs
        </li>
        <li
          class="bg-white borderBlack rounded-xl px-5 py-3 dark:bg-white/10 dark:text-white/80"
          style="opacity: 0; transform: translateY(100px);"
        >
          SQL
        </li>
        <li
          class="bg-white borderBlack rounded-xl px-5 py-3 dark:bg-white/10 dark:text-white/80"
          style="opacity: 0; transform: translateY(100px);"
        >
          AWS
        </li>
        <li
          class="bg-white borderBlack rounded-xl px-5 py-3 dark:bg-white/10 dark:text-white/80"
          style="opacity: 0; transform: translateY(100px);"
        >
          Python
        </li>
        <li
          class="bg-white borderBlack rounded-xl px-5 py-3 dark:bg-white/10 dark:text-white/80"
          style="opacity: 0; transform: translateY(100px);"
        >
          Playwright
        </li>
      </ul>
    </section>
    <section
      class="scroll-mt-28 flex flex-col items-center mb-24 sm:mb-40"
      id="experience"
    >
      <h2
        class="text-3xl font-medium capitalize mb-8 text-center"
      >
        My Experience
      </h2>
      <div
        class="!mr-0 !ml-0 !w-full vertical-timeline vertical-timeline--animate vertical-timeline--two-columns"
      >
        <div
          class="vertical-timeline-element"
          id=""
        >
          <span
            class="vertical-timeline-element-icon bounce-in"
            style="background: white; font-size: 1.5rem;"
          >
            <svg
              fill="none"
              height="1em"
              stroke="currentColor"
              stroke-width="0"
              viewBox="0 0 24 24"
              width="1em"
              xmlns="http://www.w3.org/2000/svg"
            >
              <path
                clip-rule="evenodd"
                d="M17 7C17 5.34315 15.6569 4 14 4H10C8.34315 4 7 5.34315 7 7H6C4.34315 7 3 8.34315 3 10V18C3 19.6569 4.34315 21 6 21H18C19.6569 21 21 19.6569 21 18V10C21 8.34315 19.6569 7 18 7H17ZM14 6H10C9.44772 6 9 6.44772 9 7H15C15 6.44772 14.5523 6 14 6ZM6 9H18C18.5523 9 19 9.44772 19 10V18C19 18.5523 18.5523 19 18 19H6C5.44772 19 5 18.5523 5 18V10C5 9.44772 5.44772 9 6 9Z"
                fill="currentColor"
                fill-rule="evenodd"
              />
            </svg>
          </span>
          <div
            class="vertical-timeline-element-content bounce-in"
            style="background: rgb(243, 244, 246); box-shadow: none; border: 1px solid rgba(0, 0, 0, 0.05); text-align: left; padding: 1.3rem 2rem;"
          >
            <div
              class="vertical-timeline-element-content-arrow"
              style="border-right: 0.4rem solid #9ca3af;"
            />
            <h3
              class="font-bold"
            >
              Software Engineer II
            </h3>
            <h4
              class="font-normal"
            >
              Discover Financial Services
            </h4>
            <h4
              class="font-normal !mt-0"
            >
              Chicago, IL
            </h4>
            <p
              class="!mt-1 !font-normal text-gray-700 dark:text-white/75"
            >
              I'm now a full-stack application developer. My current stack includes React, Redux, TypeScript, Java, and AWS.
            </p>
            <ul
              class="flex flex-wrap !mt-2 gap-2 sm:mt-auto"
            >
              <li
                class="bg-black/[0.7] px-3 py-1 text-[0.7rem] uppercase tracking-wider text-white rounded-full dark:text-white/70"
              >
                React
              </li>
              <li
                class="bg-black/[0.7] px-3 py-1 text-[0.7rem] uppercase tracking-wider text-white rounded-full dark:text-white/70"
              >
                Node.js
              </li>
              <li
                class="bg-black/[0.7] px-3 py-1 text-[0.7rem] uppercase tracking-wider text-white rounded-full dark:text-white/70"
              >
                TypeScript
              </li>
              <li
                class="bg-black/[0.7] px-3 py-1 text-[0.7rem] uppercase tracking-wider text-white rounded-full dark:text-white/70"
              >
                Java
              </li>
              <li
                class="bg-black/[0.7] px-3 py-1 text-[0.7rem] uppercase tracking-wider text-white rounded-full dark:text-white/70"
              >
                Spring Boot
              </li>
              <li
                class="bg-black/[0.7] px-3 py-1 text-[0.7rem] uppercase tracking-wider text-white rounded-full dark:text-white/70"
              >
                AWS
              </li>
            </ul>
            <span
              class="vertical-timeline-element-date"
            >
              2024 - present
            </span>
          </div>
        </div>
        <div
          class="vertical-timeline-element"
          id=""
        >
          <span
            class="vertical-timeline-element-icon bounce-in"
            style="background: white; font-size: 1.5rem;"
          >
            <svg
              fill="none"
              height="1em"
              stroke="currentColor"
              stroke-linecap="round"
              stroke-linejoin="round"
              stroke-width="2"
              viewBox="0 0 24 24"
              width="1em"
              xmlns="http://www.w3.org/2000/svg"
            >
              <path
                d="M22 10v6M2 10l10-5 10 5-10 5z"
              />
              <path
                d="M6 12v5c3 3 9 3 12 0v-5"
              />
            </svg>
          </span>
          <div
            class="vertical-timeline-element-content bounce-in"
            style="background: rgb(243, 244, 246); box-shadow: none; border: 1px solid rgba(0, 0, 0, 0.05); text-align: left; padding: 1.3rem 2rem;"
          >
            <div
              class="vertical-timeline-element-content-arrow"
              style="border-right: 0.4rem solid #9ca3af;"
            />
            <h3
              class="font-bold"
            >
              Master of Computer Science
            </h3>
            <h4
              class="font-normal"
            >
              University of Illinois Urbana-Champaign
            </h4>
            <h4
              class="font-normal !mt-0"
            >
              Champaign, IL
            </h4>
            <p
              class="!mt-1 !font-normal text-gray-700 dark:text-white/75"
            >
              While working full-time, I obtained my Master of Computer Science.
            </p>
            <ul
              class="flex flex-wrap !mt-2 gap-2 sm:mt-auto"
            >
              <li
                class="bg-black/[0.7] px-3 py-1 text-[0.7rem] uppercase tracking-wider text-white rounded-full dark:text-white/70"
              >
                Cloud Computing
              </li>
              <li
                class="bg-black/[0.7] px-3 py-1 text-[0.7rem] uppercase tracking-wider text-white rounded-full dark:text-white/70"
              >
                Software Engineering
              </li>
              <li
                class="bg-black/[0.7] px-3 py-1 text-[0.7rem] uppercase tracking-wider text-white rounded-full dark:text-white/70"
              >
                Data Science
              </li>
            </ul>
            <span
              class="vertical-timeline-element-date"
            >
              2024
            </span>
          </div>
        </div>
        <div
          class="vertical-timeline-element"
          id=""
        >
          <span
            class="vertical-timeline-element-icon bounce-in"
            style="background: white; font-size: 1.5rem;"
          >
            <svg
              fill="currentColor"
              height="1em"
              stroke="currentColor"
              stroke-width="0"
              viewBox="0 0 512 512"
              width="1em"
              xmlns="http://www.w3.org/2000/svg"
            >
              <path
                d="M418.2 177.2c-5.4-1.8-10.8-3.5-16.2-5.1.9-3.7 1.7-7.4 2.5-11.1 12.3-59.6 4.2-107.5-23.1-123.3-26.3-15.1-69.2.6-112.6 38.4-4.3 3.7-8.5 7.6-12.5 11.5-2.7-2.6-5.5-5.2-8.3-7.7-45.5-40.4-91.1-57.4-118.4-41.5-26.2 15.2-34 60.3-23 116.7 1.1 5.6 2.3 11.1 3.7 16.7-6.4 1.8-12.7 3.8-18.6 5.9C38.3 196.2 0 225.4 0 255.6c0 31.2 40.8 62.5 96.3 81.5 4.5 1.5 9 3 13.6 4.3-1.5 6-2.8 11.9-4 18-10.5 55.5-2.3 99.5 23.9 114.6 27 15.6 72.4-.4 116.6-39.1 3.5-3.1 7-6.3 10.5-9.7 4.4 4.3 9 8.4 13.6 12.4 42.8 36.8 85.1 51.7 111.2 36.6 27-15.6 35.8-62.9 24.4-120.5-.9-4.4-1.9-8.9-3-13.5 3.2-.9 6.3-1.9 9.4-2.9 57.7-19.1 99.5-50 99.5-81.7 0-30.3-39.4-59.7-93.8-78.4zM282.9 92.3c37.2-32.4 71.9-45.1 87.7-36 16.9 9.7 23.4 48.9 12.8 100.4-.7 3.4-1.4 6.7-2.3 10-22.2-5-44.7-8.6-67.3-10.6-13-18.6-27.2-36.4-42.6-53.1 3.9-3.7 7.7-7.2 11.7-10.7zM167.2 307.5c5.1 8.7 10.3 17.4 15.8 25.9-15.6-1.7-31.1-4.2-46.4-7.5 4.4-14.4 9.9-29.3 16.3-44.5 4.6 8.8 9.3 17.5 14.3 26.1zm-30.3-120.3c14.4-3.2 29.7-5.8 45.6-7.8-5.3 8.3-10.5 16.8-15.4 25.4-4.9 8.5-9.7 17.2-14.2 26-6.3-14.9-11.6-29.5-16-43.6zm27.4 68.9c6.6-13.8 13.8-27.3 21.4-40.6s15.8-26.2 24.4-38.9c15-1.1 30.3-1.7 45.9-1.7s31 .6 45.9 1.7c8.5 12.6 16.6 25.5 24.3 38.7s14.9 26.7 21.7 40.4c-6.7 13.8-13.9 27.4-21.6 40.8-7.6 13.3-15.7 26.2-24.2 39-14.9 1.1-30.4 1.6-46.1 1.6s-30.9-.5-45.6-1.4c-8.7-12.7-16.9-25.7-24.6-39s-14.8-26.8-21.5-40.6zm180.6 51.2c5.1-8.8 9.9-17.7 14.6-26.7 6.4 14.5 12 29.2 16.9 44.3-15.5 3.5-31.2 6.2-47 8 5.4-8.4 10.5-17 15.5-25.6zm14.4-76.5c-4.7-8.8-9.5-17.6-14.5-26.2-4.9-8.5-10-16.9-15.3-25.2 16.1 2 31.5 4.7 45.9 8-4.6 14.8-10 29.2-16.1 43.4zM256.2 118.3c10.5 11.4 20.4 23.4 29.6 35.8-19.8-.9-39.7-.9-59.5 0 9.8-12.9 19.9-24.9 29.9-35.8zM140.2 57c16.8-9.8 54.1 4.2 93.4 39 2.5 2.2 5 4.6 7.6 7-15.5 16.7-29.8 34.5-42.9 53.1-22.6 2-45 5.5-67.2 10.4-1.3-5.1-2.4-10.3-3.5-15.5-9.4-48.4-3.2-84.9 12.6-94zm-24.5 263.6c-4.2-1.2-8.3-2.5-12.4-3.9-21.3-6.7-45.5-17.3-63-31.2-10.1-7-16.9-17.8-18.8-29.9 0-18.3 31.6-41.7 77.2-57.6 5.7-2 11.5-3.8 17.3-5.5 6.8 21.7 15 43 24.5 63.6-9.6 20.9-17.9 42.5-24.8 64.5zm116.6 98c-16.5 15.1-35.6 27.1-56.4 35.3-11.1 5.3-23.9 5.8-35.3 1.3-15.9-9.2-22.5-44.5-13.5-92 1.1-5.6 2.3-11.2 3.7-16.7 22.4 4.8 45 8.1 67.9 9.8 13.2 18.7 27.7 36.6 43.2 53.4-3.2 3.1-6.4 6.1-9.6 8.9zm24.5-24.3c-10.2-11-20.4-23.2-30.3-36.3 9.6.4 19.5.6 29.5.6 10.3 0 20.4-.2 30.4-.7-9.2 12.7-19.1 24.8-29.6 36.4zm130.7 30c-.9 12.2-6.9 23.6-16.5 31.3-15.9 9.2-49.8-2.8-86.4-34.2-4.2-3.6-8.4-7.5-12.7-11.5 15.3-16.9 29.4-34.8 42.2-53.6 22.9-1.9 45.7-5.4 68.2-10.5 1 4.1 1.9 8.2 2.7 12.2 4.9 21.6 5.7 44.1 2.5 66.3zm18.2-107.5c-2.8.9-5.6 1.8-8.5 2.6-7-21.8-15.6-43.1-25.5-63.8 9.6-20.4 17.7-41.4 24.5-62.9 5.2 1.5 10.2 3.1 15 4.7 46.6 16 79.3 39.8 79.3 58 0 19.6-34.9 44.9-84.8 61.4zm-149.7-15c25.3 0 45.8-20.5 45.8-45.8s-20.5-45.8-45.8-45.8c-25.3 0-45.8 20.5-45.8 45.8s20.5 45.8 45.8 45.8z"
              />
            </svg>
          </span>
          <div
            class="vertical-timeline-element-content bounce-in"
            style="background: rgb(243, 244, 246); box-shadow: none; border: 1px solid rgba(0, 0, 0, 0.05); text-align: left; padding: 1.3rem 2rem;"
          >
            <div
              class="vertical-timeline-element-content-arrow"
              style="border-right: 0.4rem solid #9ca3af;"
            />
            <h3
              class="font-bold"
            >
              Software Engineer I
            </h3>
            <h4
              class="font-normal"
            >
              Discover Financial Services
            </h4>
            <h4
              class="font-normal !mt-0"
            >
              Chicago, IL
            </h4>
            <p
              class="!mt-1 !font-normal text-gray-700 dark:text-white/75"
            >
              I was a frontend React developer supporting the complete redesign of the Discover Home Loan website.
            </p>
            <ul
              class="flex flex-wrap !mt-2 gap-2 sm:mt-auto"
            >
              <li
                class="bg-black/[0.7] px-3 py-1 text-[0.7rem] uppercase tracking-wider text-white rounded-full dark:text-white/70"
              >
                React
              </li>
              <li
                class="bg-black/[0.7] px-3 py-1 text-[0.7rem] uppercase tracking-wider text-white rounded-full dark:text-white/70"
              >
                Redux
              </li>
              <li
                class="bg-black/[0.7] px-3 py-1 text-[0.7rem] uppercase tracking-wider text-white rounded-full dark:text-white/70"
              >
                JavaScript
              </li>
            </ul>
            <span
              class="vertical-timeline-element-date"
            >
              2023 - 2024
            </span>
          </div>
        </div>
        <div
          class="vertical-timeline-element"
          id=""
        >
          <span
            class="vertical-timeline-element-icon bounce-in"
            style="background: white; font-size: 1.5rem;"
          >
            <svg
              fill="currentColor"
              height="1em"
              role="img"
              stroke="currentColor"
              stroke-width="0"
              viewBox="0 0 24 24"
              width="1em"
              xmlns="http://www.w3.org/2000/svg"
            >
              <path
                d="m23.693 10.7058-4.73-8.1844c-.4094-.7106-1.4166-1.2942-2.2402-1.2942H7.2725c-.819 0-1.8308.5836-2.2402 1.2942L.307 10.7058c-.4095.7106-.4095 1.873 0 2.5837l4.7252 8.189c.4094.7107 1.4166 1.2943 2.2402 1.2943h9.455c.819 0 1.826-.5836 2.2402-1.2942l4.7252-8.189c.4095-.7107.4095-1.8732 0-2.5838zM10.9763 5.7547c0-.5365.4377-.9742.9742-.9742s.9742.4377.9742.9742v5.8217c0 .5366-.4377.9742-.9742.9742s-.9742-.4376-.9742-.9742zm.9742 12.4294c-3.6427 0-6.6077-2.965-6.6077-6.6077.0047-2.0896.993-4.0521 2.6685-5.304a.8657.8657 0 0 1 1.2142.1788.8657.8657 0 0 1-.1788 1.2143c-2.1602 1.6048-2.612 4.6592-1.0072 6.8194 1.6049 2.1603 4.6593 2.612 6.8195 1.0072 1.2378-.9177 1.9673-2.372 1.9673-3.9157a4.8972 4.8972 0 0 0-1.9861-3.925c-.386-.2824-.466-.8284-.1836-1.2143.2824-.386.8283-.466 1.2143-.1835 1.6895 1.2471 2.6826 3.2238 2.6873 5.3228 0 3.6474-2.965 6.6077-6.6077 6.6077z"
              />
            </svg>
          </span>
          <div
            class="vertical-timeline-element-content bounce-in"
            style="background: rgb(243, 244, 246); box-shadow: none; border: 1px solid rgba(0, 0, 0, 0.05); text-align: left; padding: 1.3rem 2rem;"
          >
            <div
              class="vertical-timeline-element-content-arrow"
              style="border-right: 0.4rem solid #9ca3af;"
            />
            <h3
              class="font-bold"
            >
              Software Engineer I
            </h3>
            <h4
              class="font-normal"
            >
              Discover Financial Services
            </h4>
            <h4
              class="font-normal !mt-0"
            >
              Chicago, IL
            </h4>
            <p
              class="!mt-1 !font-normal text-gray-700 dark:text-white/75"
            >
              I was a full-stack web developer at Discover Financial Services supporting credit card applications.
            </p>
            <ul
              class="flex flex-wrap !mt-2 gap-2 sm:mt-auto"
            >
              <li
                class="bg-black/[0.7] px-3 py-1 text-[0.7rem] uppercase tracking-wider text-white rounded-full dark:text-white/70"
              >
                Java
              </li>
              <li
                class="bg-black/[0.7] px-3 py-1 text-[0.7rem] uppercase tracking-wider text-white rounded-full dark:text-white/70"
              >
                Spring Boot
              </li>
              <li
                class="bg-black/[0.7] px-3 py-1 text-[0.7rem] uppercase tracking-wider text-white rounded-full dark:text-white/70"
              >
                HTML
              </li>
              <li
                class="bg-black/[0.7] px-3 py-1 text-[0.7rem] uppercase tracking-wider text-white rounded-full dark:text-white/70"
              >
                CSS
              </li>
              <li
                class="bg-black/[0.7] px-3 py-1 text-[0.7rem] uppercase tracking-wider text-white rounded-full dark:text-white/70"
              >
                JavaScript
              </li>
            </ul>
            <span
              class="vertical-timeline-element-date"
            >
              2022 - 2023
            </span>
          </div>
        </div>
        <div
          class="vertical-timeline-element"
          id=""
        >
          <span
            class="vertical-timeline-element-icon bounce-in"
            style="background: white; font-size: 1.5rem;"
          >
            <svg
              fill="none"
              height="1em"
              stroke="currentColor"
              stroke-linecap="round"
              stroke-linejoin="round"
              stroke-width="2"
              viewBox="0 0 24 24"
              width="1em"
              xmlns="http://www.w3.org/2000/svg"
            >
              <path
                d="M22 10v6M2 10l10-5 10 5-10 5z"
              />
              <path
                d="M6 12v5c3 3 9 3 12 0v-5"
              />
            </svg>
          </span>
          <div
            class="vertical-timeline-element-content bounce-in"
            style="background: rgb(243, 244, 246); box-shadow: none; border: 1px solid rgba(0, 0, 0, 0.05); text-align: left; padding: 1.3rem 2rem;"
          >
            <div
              class="vertical-timeline-element-content-arrow"
              style="border-right: 0.4rem solid #9ca3af;"
            />
            <h3
              class="font-bold"
            >
              Bachelor of Computer Science
            </h3>
            <h4
              class="font-normal"
            >
              University of Illinois Urbana-Champaign
            </h4>
            <h4
              class="font-normal !mt-0"
            >
              Champaign, IL
            </h4>
            <p
              class="!mt-1 !font-normal text-gray-700 dark:text-white/75"
            >
              I studied Computer Science and minored in Economics.
            </p>
            <ul
              class="flex flex-wrap !mt-2 gap-2 sm:mt-auto"
            >
              <li
                class="bg-black/[0.7] px-3 py-1 text-[0.7rem] uppercase tracking-wider text-white rounded-full dark:text-white/70"
              >
                Algorithms
              </li>
              <li
                class="bg-black/[0.7] px-3 py-1 text-[0.7rem] uppercase tracking-wider text-white rounded-full dark:text-white/70"
              >
                Data Structures
              </li>
              <li
                class="bg-black/[0.7] px-3 py-1 text-[0.7rem] uppercase tracking-wider text-white rounded-full dark:text-white/70"
              >
                Web Development
              </li>
              <li
                class="bg-black/[0.7] px-3 py-1 text-[0.7rem] uppercase tracking-wider text-white rounded-full dark:text-white/70"
              >
                Economics
              </li>
            </ul>
            <span
              class="vertical-timeline-element-date"
            >
              2021
            </span>
          </div>
        </div>
      </div>
    </section>
  </main>
</DocumentFragment>